cpu_06b/1/no_gate/S01: answered
cpu_06b/1/no_gate/S02: answered
cpu_06b/1/no_gate/S03: answered
cpu_06b/1/no_gate/S04: answered
cpu_06b/1/no_gate/S05: answered
cpu_06b/1/no_gate/S06: acquisition_error
cpu_06b/1/no_gate/S07: answered
cpu_06b/1/no_gate/S08: answered
cpu_06b/1/no_gate/S09: answered
cpu_06b/1/no_gate/S10: answered
cpu_06b/1/no_gate/S11: degraded
cpu_06b/1/no_gate/S12: answered
cpu_06b/1/no_gate/S13: answered
cpu_06b/1/qwen_json/S01: deferred
cpu_06b/1/qwen_json/S02: deferred
cpu_06b/1/qwen_json/S03: deferred
cpu_06b/1/qwen_json/S04: deferred
cpu_06b/1/qwen_json/S05: deferred
cpu_06b/1/qwen_json/S06: acquisition_error
cpu_06b/1/qwen_json/S07: deferred
cpu_06b/1/qwen_json/S08: deferred
cpu_06b/1/qwen_json/S09: answered
cpu_06b/1/qwen_json/S10: deferred
cpu_06b/1/qwen_json/S11: deferred
cpu_06b/1/qwen_json/S12: deferred
cpu_06b/1/qwen_json/S13: deferred
cpu_06b/1/kev/S01: deferred
cpu_06b/1/kev/S02: deferred
cpu_06b/1/kev/S03: deferred
cpu_06b/1/kev/S04: deferred
cpu_06b/1/kev/S05: deferred
cpu_06b/1/kev/S06: acquisition_error
cpu_06b/1/kev/S07: deferred
cpu_06b/1/kev/S08: deferred
cpu_06b/1/kev/S09: answered
cpu_06b/1/kev/S10: deferred
cpu_06b/1/kev/S11: deferred
cpu_06b/1/kev/S12: deferred
cpu_06b/1/kev/S13: deferred
cpu_06b/2/kev/S13: deferred
cpu_06b/2/kev/S12: deferred
cpu_06b/2/kev/S11: deferred
cpu_06b/2/kev/S10: deferred
cpu_06b/2/kev/S09: answered
cpu_06b/2/kev/S08: deferred
cpu_06b/2/kev/S07: deferred
cpu_06b/2/kev/S06: acquisition_error
cpu_06b/2/kev/S05: deferred
cpu_06b/2/kev/S04: deferred
cpu_06b/2/kev/S03: deferred
cpu_06b/2/kev/S02: deferred
cpu_06b/2/kev/S01: deferred
cpu_06b/2/qwen_json/S13: deferred
cpu_06b/2/qwen_json/S12: deferred
cpu_06b/2/qwen_json/S11: deferred
cpu_06b/2/qwen_json/S10: deferred
cpu_06b/2/qwen_json/S09: answered
cpu_06b/2/qwen_json/S08: deferred
cpu_06b/2/qwen_json/S07: deferred
cpu_06b/2/qwen_json/S06: acquisition_error
cpu_06b/2/qwen_json/S05: deferred
cpu_06b/2/qwen_json/S04: deferred
cpu_06b/2/qwen_json/S03: deferred
cpu_06b/2/qwen_json/S02: deferred
cpu_06b/2/qwen_json/S01: deferred
cpu_06b/2/no_gate/S13: answered
cpu_06b/2/no_gate/S12: answered
cpu_06b/2/no_gate/S11: answered
cpu_06b/2/no_gate/S10: answered
cpu_06b/2/no_gate/S09: answered
cpu_06b/2/no_gate/S08: answered
cpu_06b/2/no_gate/S07: answered
cpu_06b/2/no_gate/S06: acquisition_error
cpu_06b/2/no_gate/S05: answered
cpu_06b/2/no_gate/S04: answered
cpu_06b/2/no_gate/S03: answered
cpu_06b/2/no_gate/S02: answered
cpu_06b/2/no_gate/S01: answered
metal_4b/1/no_gate/S01: answered
metal_4b/1/no_gate/S02: answered
metal_4b/1/no_gate/S03: answered
metal_4b/1/no_gate/S04: answered
metal_4b/1/no_gate/S05: answered
metal_4b/1/no_gate/S06: acquisition_error
metal_4b/1/no_gate/S07: answered
metal_4b/1/no_gate/S08: answered
metal_4b/1/no_gate/S09: answered
metal_4b/1/no_gate/S10: answered
metal_4b/1/no_gate/S11: answered
metal_4b/1/no_gate/S12: answered
metal_4b/1/no_gate/S13: answered
metal_4b/1/qwen_json/S01: deferred
metal_4b/1/qwen_json/S02: deferred
metal_4b/1/qwen_json/S03: deferred
metal_4b/1/qwen_json/S04: deferred
metal_4b/1/qwen_json/S05: deferred
metal_4b/1/qwen_json/S06: acquisition_error
metal_4b/1/qwen_json/S07: deferred
metal_4b/1/qwen_json/S08: deferred
metal_4b/1/qwen_json/S09: answered
metal_4b/1/qwen_json/S10: deferred
metal_4b/1/qwen_json/S11: deferred
metal_4b/1/qwen_json/S12: deferred
metal_4b/1/qwen_json/S13: deferred
metal_4b/1/kev/S01: deferred
metal_4b/1/kev/S02: deferred
metal_4b/1/kev/S03: deferred
metal_4b/1/kev/S04: deferred
metal_4b/1/kev/S05: deferred
metal_4b/1/kev/S06: acquisition_error
metal_4b/1/kev/S07: deferred
metal_4b/1/kev/S08: deferred
metal_4b/1/kev/S09: answered
metal_4b/1/kev/S10: deferred
metal_4b/1/kev/S11: deferred
metal_4b/1/kev/S12: deferred
metal_4b/1/kev/S13: deferred
metal_4b/2/kev/S13: deferred
metal_4b/2/kev/S12: deferred
metal_4b/2/kev/S11: deferred
metal_4b/2/kev/S10: deferred
metal_4b/2/kev/S09: answered
metal_4b/2/kev/S08: deferred
metal_4b/2/kev/S07: deferred
metal_4b/2/kev/S06: acquisition_error
metal_4b/2/kev/S05: deferred
metal_4b/2/kev/S04: deferred
metal_4b/2/kev/S03: deferred
metal_4b/2/kev/S02: deferred
metal_4b/2/kev/S01: deferred
metal_4b/2/qwen_json/S13: deferred
metal_4b/2/qwen_json/S12: deferred
metal_4b/2/qwen_json/S11: deferred
metal_4b/2/qwen_json/S10: deferred
metal_4b/2/qwen_json/S09: answered
metal_4b/2/qwen_json/S08: deferred
metal_4b/2/qwen_json/S07: deferred
metal_4b/2/qwen_json/S06: acquisition_error
metal_4b/2/qwen_json/S05: deferred
metal_4b/2/qwen_json/S04: deferred
metal_4b/2/qwen_json/S03: deferred
metal_4b/2/qwen_json/S02: deferred
metal_4b/2/qwen_json/S01: deferred
metal_4b/2/no_gate/S13: answered
metal_4b/2/no_gate/S12: answered
metal_4b/2/no_gate/S11: answered
metal_4b/2/no_gate/S10: answered
metal_4b/2/no_gate/S09: answered
metal_4b/2/no_gate/S08: answered
metal_4b/2/no_gate/S07: answered
metal_4b/2/no_gate/S06: acquisition_error
metal_4b/2/no_gate/S05: answered
metal_4b/2/no_gate/S04: answered
metal_4b/2/no_gate/S03: answered
metal_4b/2/no_gate/S02: answered
metal_4b/2/no_gate/S01: answered
