semsource-1  | 2026-10-10T13:41:13.625274463Z {"time":"2026-10-10T13:41:13.625214379Z","level":"WARN","msg":"Stream declares discard=new: at its ceiling this stream REFUSES writes rather than evicting","stream":"GRAPH","source":"config.streams[\"GRAPH\"]; component \"ast-source-semstreams-graph-clustering\" port \"graph.ingest\"; component \"doc-source-semstreams-graph-clustering\" port \"graph.ingest\"; component \"source-manifest\" port \"graph.ingest\"; component \"source-manifest\" port \"graph.ingest.predicates\"; component \"source-manifest\" port \"graph.ingest.status\"","max_bytes":268435456,"max_age":3600000000000,"hint":"discard must be \"old\" or \"new\": \"old\" evicts the oldest messages once the stream reaches max_bytes or max_age (the write succeeds, the loss is silent); \"new\" refuses the write instead, which a producer at the ceiling sees as NATS 503 err_code=10077 \"maximum bytes exceeded\" on every publish — including a replacement of an existing message — until something is deleted"}
semsource-1  | 2026-10-10T13:41:13.625708588Z {"time":"2026-10-10T13:41:13.625575963Z","level":"INFO","msg":"Created JetStream stream","stream":"GRAPH","subjects":["graph.ingest.entity","graph.ingest.batch","graph.ingest.manifest","graph.ingest.status","graph.ingest.predicates"],"storage":"memory","source":"config.streams[\"GRAPH\"]; component \"ast-source-semstreams-graph-clustering\" port \"graph.ingest\"; component \"doc-source-semstreams-graph-clustering\" port \"graph.ingest\"; component \"source-manifest\" port \"graph.ingest\"; component \"source-manifest\" port \"graph.ingest.predicates\"; component \"source-manifest\" port \"graph.ingest.status\"","max_age":3600000000000,"max_bytes":268435456,"discard":"DiscardNew","duplicates":0}
semsource-1  | 2026-10-10T13:41:13.635467254Z {"time":"2026-10-10T13:41:13.635418046Z","level":"INFO","msg":"component initialized","component":"graph-clustering","component":"graph-clustering"}
semsource-1  | 2026-10-10T13:41:13.637153713Z {"time":"2026-10-10T13:41:13.637101421Z","level":"INFO","msg":"component initialized","component":"graph-embedding","component":"graph-embedding"}
semsource-1  | 2026-10-10T13:41:13.644679129Z {"time":"2026-10-10T13:41:13.644588671Z","level":"INFO","msg":"Starting doc-source initial ingest","paths":["/workspace/semstreams-graph-clustering"],"org":"semselect","watch_enabled":false}
semsource-1  | 2026-10-10T13:41:13.645192921Z {"time":"2026-10-10T13:41:13.645123504Z","level":"INFO","msg":"using HTTP embedder","component":"graph-embedding","url":"http://semembed:8081/v1","model":"Snowflake/snowflake-arctic-embed-s"}
semsource-1  | 2026-10-10T13:41:13.645763963Z {"time":"2026-10-10T13:41:13.645695296Z","level":"INFO","msg":"Initializing path watcher","path":"/workspace/semstreams-graph-clustering","org":"semselect","project":"semstreams-graph-clustering","languages":["go","typescript","javascript","svelte","python"]}
semsource-1  | 2026-10-10T13:41:13.647367046Z {"time":"2026-10-10T13:41:13.647267796Z","level":"INFO","msg":"resource available","component":"graph-clustering","resource":"ENTITY_STATES","attempt":1}
semsource-1  | 2026-10-10T13:41:13.648240754Z {"time":"2026-10-10T13:41:13.648186421Z","level":"INFO","msg":"resource available","component":"graph-clustering","resource":"OUTGOING_INDEX","attempt":1}
semsource-1  | 2026-10-10T13:41:13.649279671Z {"time":"2026-10-10T13:41:13.649219588Z","level":"INFO","msg":"resource available","component":"graph-clustering","resource":"INCOMING_INDEX","attempt":1}
semsource-1  | 2026-10-10T13:41:13.649845213Z {"time":"2026-10-10T13:41:13.649576004Z","level":"INFO","msg":"query handlers registered","component":"graph-clustering","subjects":["graph.clustering.query.community","graph.clustering.query.members","graph.clustering.query.entity","graph.clustering.query.level"]}
semsource-1  | 2026-10-10T13:41:13.649854338Z {"time":"2026-10-10T13:41:13.649615338Z","level":"INFO","msg":"component started","component":"graph-clustering","component":"graph-clustering","start_time":"2026-10-10T13:41:13.649599213Z","detection_interval":30000000000,"enable_llm":false,"enable_anomaly_detection":false}
semsource-1  | 2026-10-10T13:41:13.649877963Z {"time":"2026-10-10T13:41:13.649629421Z","level":"INFO","msg":"detection loop started","component":"graph-clustering","interval":30000000000}
semsource-1  | 2026-10-10T13:41:13.652269879Z {"time":"2026-10-10T13:41:13.652186129Z","level":"INFO","msg":"Embedding worker started","component":"graph-embedding","workers":5}
semsource-1  | 2026-10-10T13:41:13.652453296Z {"time":"2026-10-10T13:41:13.652405213Z","level":"INFO","msg":"resource available","component":"graph-embedding","resource":"ENTITY_STATES","attempt":1}
semsource-1  | 2026-10-10T13:41:13.652661296Z {"time":"2026-10-10T13:41:13.652554921Z","level":"INFO","msg":"query handlers registered","component":"graph-embedding","subjects":["graph.embedding.query.similar","graph.embedding.query.search","graph.embedding.query.status"]}
semsource-1  | 2026-10-10T13:41:13.652663754Z {"time":"2026-10-10T13:41:13.652564546Z","level":"INFO","msg":"component started","component":"graph-embedding","component":"graph-embedding","start_time":"2026-10-10T13:41:13.652563379Z","embedder_type":"http"}
semsource-1  | 2026-10-10T13:41:13.652907004Z {"time":"2026-10-10T13:41:13.652854879Z","level":"INFO","msg":"entity watcher started","component":"graph-embedding","bucket":"ENTITY_STATES"}
semsource-1  | 2026-10-10T13:41:13.655043796Z {"time":"2026-10-10T13:41:13.654939088Z","level":"INFO","msg":"Doc-source initial ingest complete","paths":["/workspace/semstreams-graph-clustering"],"entities_published":14}
semsource-1  | 2026-10-10T13:41:13.866901963Z {"time":"2026-10-10T13:41:13.866789421Z","level":"INFO","msg":"resolved embedding dimensions from endpoint","component":"graph-embedding","model":"Snowflake/snowflake-arctic-embed-s","dimensions":384}
