nats-1  | 2026-10-05T18:28:30.474474667Z [1] 2026/10/05 18:28:30.474408 [INF] Starting nats-server
nats-1  | 2026-10-05T18:28:30.474493834Z [1] 2026/10/05 18:28:30.474469 [INF]   Version:  2.14.4
nats-1  | 2026-10-05T18:28:30.474495376Z [1] 2026/10/05 18:28:30.474475 [INF]   Git:      [bbd6dc5]
nats-1  | 2026-10-05T18:28:30.474496376Z [1] 2026/10/05 18:28:30.474479 [INF]   Name:     NABLOS6HPM5RY2AJDS6WHC273NI774NU4F7P5JBWJWD2LHUADZUGQXBU
nats-1  | 2026-10-05T18:28:30.474497292Z [1] 2026/10/05 18:28:30.474484 [INF]   Node:     cNFUi25o
nats-1  | 2026-10-05T18:28:30.474498042Z [1] 2026/10/05 18:28:30.474487 [INF]   ID:       NABLOS6HPM5RY2AJDS6WHC273NI774NU4F7P5JBWJWD2LHUADZUGQXBU
nats-1  | 2026-10-05T18:28:30.477717042Z [1] 2026/10/05 18:28:30.477646 [INF] Starting http monitor on 0.0.0.0:8222
nats-1  | 2026-10-05T18:28:30.477833834Z [1] 2026/10/05 18:28:30.477775 [INF] Starting JetStream
nats-1  | 2026-10-05T18:28:30.481749959Z [1] 2026/10/05 18:28:30.481572 [INF]     _ ___ _____ ___ _____ ___ ___   _   __  __
nats-1  | 2026-10-05T18:28:30.481764459Z [1] 2026/10/05 18:28:30.481584 [INF]  _ | | __|_   _/ __|_   _| _ \ __| /_\ |  \/  |
nats-1  | 2026-10-05T18:28:30.481765667Z [1] 2026/10/05 18:28:30.481585 [INF] | || | _|  | | \__ \ | | |   / _| / _ \| |\/| |
nats-1  | 2026-10-05T18:28:30.481766542Z [1] 2026/10/05 18:28:30.481585 [INF]  \__/|___| |_| |___/ |_| |_|_\___/_/ \_\_|  |_|
nats-1  | 2026-10-05T18:28:30.481767501Z [1] 2026/10/05 18:28:30.481586 [INF] 
nats-1  | 2026-10-05T18:28:30.481768209Z [1] 2026/10/05 18:28:30.481587 [INF]          https://docs.nats.io/jetstream
nats-1  | 2026-10-05T18:28:30.481768959Z [1] 2026/10/05 18:28:30.481587 [INF] 
nats-1  | 2026-10-05T18:28:30.481769667Z [1] 2026/10/05 18:28:30.481588 [INF] ---------------- JETSTREAM ----------------
nats-1  | 2026-10-05T18:28:30.481770417Z [1] 2026/10/05 18:28:30.481589 [INF]   Strict:          true
nats-1  | 2026-10-05T18:28:30.481771167Z [1] 2026/10/05 18:28:30.481599 [INF]   Max Memory:      17.39 GB
nats-1  | 2026-10-05T18:28:30.481771876Z [1] 2026/10/05 18:28:30.481601 [INF]   Max Storage:     6.76 TB
nats-1  | 2026-10-05T18:28:30.481772584Z [1] 2026/10/05 18:28:30.481601 [INF]   Store Directory: "/data/jetstream"
nats-1  | 2026-10-05T18:28:30.481773376Z [1] 2026/10/05 18:28:30.481602 [INF]   API Level:       4
nats-1  | 2026-10-05T18:28:30.481774167Z [1] 2026/10/05 18:28:30.481603 [INF] -------------------------------------------
nats-1  | 2026-10-05T18:28:30.484048917Z [1] 2026/10/05 18:28:30.483786 [INF] Took 5.998625ms to start JetStream
nats-1  | 2026-10-05T18:28:30.484071251Z [1] 2026/10/05 18:28:30.483870 [INF] Listening for client connections on 0.0.0.0:4222
nats-1  | 2026-10-05T18:28:30.484214667Z [1] 2026/10/05 18:28:30.484089 [INF] Server is ready
