semsource-1  | 2026-10-10T14:25:09.483161012Z {"time":"2026-10-10T14:25:09.483080054Z","level":"WARN","msg":"Stream declares discard=new: at its ceiling this stream REFUSES writes rather than evicting","stream":"GRAPH","source":"config.streams[\"GRAPH\"]; component \"ast-source-semstreams-graph-clustering\" port \"graph.ingest\"; component \"doc-source-semstreams-graph-clustering\" port \"graph.ingest\"; component \"source-manifest\" port \"graph.ingest\"; component \"source-manifest\" port \"graph.ingest.predicates\"; component \"source-manifest\" port \"graph.ingest.status\"","max_bytes":268435456,"max_age":3600000000000,"hint":"discard must be \"old\" or \"new\": \"old\" evicts the oldest messages once the stream reaches max_bytes or max_age (the write succeeds, the loss is silent); \"new\" refuses the write instead, which a producer at the ceiling sees as NATS 503 err_code=10077 \"maximum bytes exceeded\" on every publish — including a replacement of an existing message — until something is deleted"}
semsource-1  | 2026-10-10T14:25:09.483818387Z {"time":"2026-10-10T14:25:09.483715804Z","level":"INFO","msg":"Created JetStream stream","stream":"GRAPH","subjects":["graph.ingest.entity","graph.ingest.batch","graph.ingest.manifest","graph.ingest.status","graph.ingest.predicates"],"storage":"memory","source":"config.streams[\"GRAPH\"]; component \"ast-source-semstreams-graph-clustering\" port \"graph.ingest\"; component \"doc-source-semstreams-graph-clustering\" port \"graph.ingest\"; component \"source-manifest\" port \"graph.ingest\"; component \"source-manifest\" port \"graph.ingest.predicates\"; component \"source-manifest\" port \"graph.ingest.status\"","max_age":3600000000000,"max_bytes":268435456,"discard":"DiscardNew","duplicates":0}
semsource-1  | 2026-10-10T14:25:09.497305012Z {"time":"2026-10-10T14:25:09.497206179Z","level":"INFO","msg":"component initialized","component":"graph-embedding","component":"graph-embedding"}
semsource-1  | 2026-10-10T14:25:09.498519721Z {"time":"2026-10-10T14:25:09.498481137Z","level":"INFO","msg":"component initialized","component":"graph-clustering","component":"graph-clustering"}
semsource-1  | 2026-10-10T14:25:09.505585346Z {"time":"2026-10-10T14:25:09.505458637Z","level":"INFO","msg":"Starting doc-source initial ingest","paths":["/workspace/semstreams-graph-clustering"],"org":"semselect","watch_enabled":false}
semsource-1  | 2026-10-10T14:25:09.505798554Z {"time":"2026-10-10T14:25:09.505667762Z","level":"INFO","msg":"Initializing path watcher","path":"/workspace/semstreams-graph-clustering","org":"semselect","project":"semstreams-graph-clustering","languages":["go","typescript","javascript","svelte","python"]}
semsource-1  | 2026-10-10T14:25:09.506580554Z {"time":"2026-10-10T14:25:09.506489096Z","level":"INFO","msg":"using HTTP embedder","component":"graph-embedding","url":"http://semembed:8081/v1","model":"Snowflake/snowflake-arctic-embed-s"}
semsource-1  | 2026-10-10T14:25:09.510317137Z {"time":"2026-10-10T14:25:09.510262596Z","level":"INFO","msg":"resource available","component":"graph-clustering","resource":"ENTITY_STATES","attempt":1}
semsource-1  | 2026-10-10T14:25:09.511573804Z {"time":"2026-10-10T14:25:09.511414054Z","level":"INFO","msg":"resource available","component":"graph-clustering","resource":"OUTGOING_INDEX","attempt":1}
semsource-1  | 2026-10-10T14:25:09.511880554Z {"time":"2026-10-10T14:25:09.511770512Z","level":"INFO","msg":"resource available","component":"graph-clustering","resource":"INCOMING_INDEX","attempt":1}
semsource-1  | 2026-10-10T14:25:09.512292471Z {"time":"2026-10-10T14:25:09.512127262Z","level":"INFO","msg":"query handlers registered","component":"graph-clustering","subjects":["graph.clustering.query.community","graph.clustering.query.members","graph.clustering.query.entity","graph.clustering.query.level"]}
semsource-1  | 2026-10-10T14:25:09.512297262Z {"time":"2026-10-10T14:25:09.512147262Z","level":"INFO","msg":"component started","component":"graph-clustering","component":"graph-clustering","start_time":"2026-10-10T14:25:09.512138137Z","detection_interval":30000000000,"enable_llm":false,"enable_anomaly_detection":false}
semsource-1  | 2026-10-10T14:25:09.512298471Z {"time":"2026-10-10T14:25:09.512154512Z","level":"INFO","msg":"detection loop started","component":"graph-clustering","interval":30000000000}
semsource-1  | 2026-10-10T14:25:09.513079512Z {"time":"2026-10-10T14:25:09.513007012Z","level":"INFO","msg":"Embedding worker started","component":"graph-embedding","workers":5}
semsource-1  | 2026-10-10T14:25:09.513398304Z {"time":"2026-10-10T14:25:09.513297387Z","level":"INFO","msg":"resource available","component":"graph-embedding","resource":"ENTITY_STATES","attempt":1}
semsource-1  | 2026-10-10T14:25:09.513846929Z {"time":"2026-10-10T14:25:09.513762887Z","level":"INFO","msg":"query handlers registered","component":"graph-embedding","subjects":["graph.embedding.query.similar","graph.embedding.query.search","graph.embedding.query.status"]}
semsource-1  | 2026-10-10T14:25:09.513850054Z {"time":"2026-10-10T14:25:09.513774596Z","level":"INFO","msg":"component started","component":"graph-embedding","component":"graph-embedding","start_time":"2026-10-10T14:25:09.513773512Z","embedder_type":"http"}
semsource-1  | 2026-10-10T14:25:09.514989721Z {"time":"2026-10-10T14:25:09.514902887Z","level":"INFO","msg":"entity watcher started","component":"graph-embedding","bucket":"ENTITY_STATES"}
semsource-1  | 2026-10-10T14:25:09.516147721Z {"time":"2026-10-10T14:25:09.516081971Z","level":"INFO","msg":"Doc-source initial ingest complete","paths":["/workspace/semstreams-graph-clustering"],"entities_published":14}
semsource-1  | 2026-10-10T14:25:09.855843763Z {"time":"2026-10-10T14:25:09.855736179Z","level":"INFO","msg":"resolved embedding dimensions from endpoint","component":"graph-embedding","model":"Snowflake/snowflake-arctic-embed-s","dimensions":384}
