nats-1  | 2026-10-05T18:19:18.006711051Z [1] 2026/10/05 18:19:18.006467 [INF] Starting nats-server
nats-1  | 2026-10-05T18:19:18.006744134Z [1] 2026/10/05 18:19:18.006519 [INF]   Version:  2.14.4
nats-1  | 2026-10-05T18:19:18.006745634Z [1] 2026/10/05 18:19:18.006525 [INF]   Git:      [bbd6dc5]
nats-1  | 2026-10-05T18:19:18.006746467Z [1] 2026/10/05 18:19:18.006526 [INF]   Name:     NA27E5CVUMKNCZ5CEV7TCCOXYK5EY6WP6AVVAZGHCTWQESDXNJ5OYZP4
nats-1  | 2026-10-05T18:19:18.006747301Z [1] 2026/10/05 18:19:18.006528 [INF]   Node:     iwKqUypw
nats-1  | 2026-10-05T18:19:18.006748009Z [1] 2026/10/05 18:19:18.006529 [INF]   ID:       NA27E5CVUMKNCZ5CEV7TCCOXYK5EY6WP6AVVAZGHCTWQESDXNJ5OYZP4
nats-1  | 2026-10-05T18:19:18.012300967Z [1] 2026/10/05 18:19:18.012183 [INF] Starting http monitor on 0.0.0.0:8222
nats-1  | 2026-10-05T18:19:18.012973634Z [1] 2026/10/05 18:19:18.012884 [INF] Starting JetStream
nats-1  | 2026-10-05T18:19:18.014635092Z [1] 2026/10/05 18:19:18.014535 [INF]     _ ___ _____ ___ _____ ___ ___   _   __  __
nats-1  | 2026-10-05T18:19:18.014644926Z [1] 2026/10/05 18:19:18.014549 [INF]  _ | | __|_   _/ __|_   _| _ \ __| /_\ |  \/  |
nats-1  | 2026-10-05T18:19:18.014646426Z [1] 2026/10/05 18:19:18.014551 [INF] | || | _|  | | \__ \ | | |   / _| / _ \| |\/| |
nats-1  | 2026-10-05T18:19:18.014647551Z [1] 2026/10/05 18:19:18.014551 [INF]  \__/|___| |_| |___/ |_| |_|_\___/_/ \_\_|  |_|
nats-1  | 2026-10-05T18:19:18.014648801Z [1] 2026/10/05 18:19:18.014552 [INF] 
nats-1  | 2026-10-05T18:19:18.014649884Z [1] 2026/10/05 18:19:18.014553 [INF]          https://docs.nats.io/jetstream
nats-1  | 2026-10-05T18:19:18.014650717Z [1] 2026/10/05 18:19:18.014554 [INF] 
nats-1  | 2026-10-05T18:19:18.014651551Z [1] 2026/10/05 18:19:18.014555 [INF] ---------------- JETSTREAM ----------------
nats-1  | 2026-10-05T18:19:18.014652384Z [1] 2026/10/05 18:19:18.014556 [INF]   Strict:          true
nats-1  | 2026-10-05T18:19:18.014653092Z [1] 2026/10/05 18:19:18.014561 [INF]   Max Memory:      17.39 GB
nats-1  | 2026-10-05T18:19:18.014653842Z [1] 2026/10/05 18:19:18.014563 [INF]   Max Storage:     6.79 TB
nats-1  | 2026-10-05T18:19:18.014654551Z [1] 2026/10/05 18:19:18.014564 [INF]   Store Directory: "/data/jetstream"
nats-1  | 2026-10-05T18:19:18.014655384Z [1] 2026/10/05 18:19:18.014565 [INF]   API Level:       4
nats-1  | 2026-10-05T18:19:18.014656134Z [1] 2026/10/05 18:19:18.014566 [INF] -------------------------------------------
nats-1  | 2026-10-05T18:19:18.018135592Z [1] 2026/10/05 18:19:18.018017 [INF] Took 5.124917ms to start JetStream
nats-1  | 2026-10-05T18:19:18.018174551Z [1] 2026/10/05 18:19:18.018081 [INF] Listening for client connections on 0.0.0.0:4222
nats-1  | 2026-10-05T18:19:18.019803009Z [1] 2026/10/05 18:19:18.019715 [INF] Server is ready
